[debug] [2026-07-23T18:19:43.180Z] ----------------------------------------------------------------------
[debug] [2026-07-23T18:19:43.185Z] Command:       C:\Program Files\nodejs\node.exe C:\Users\krupa\AppData\Roaming\npm\node_modules\firebase-tools\lib\bin\firebase.js init
[debug] [2026-07-23T18:19:43.186Z] CLI Version:   15.24.0
[debug] [2026-07-23T18:19:43.186Z] Platform:      win32
[debug] [2026-07-23T18:19:43.186Z] Node Version:  v24.18.0
[debug] [2026-07-23T18:19:43.187Z] Detected Agent: unknown
[debug] [2026-07-23T18:19:43.187Z] Time:          Thu Jul 23 2026 23:49:43 GMT+0530 (India Standard Time)
[debug] [2026-07-23T18:19:43.187Z] ----------------------------------------------------------------------
[debug] 
[debug] [2026-07-23T18:19:43.218Z] >>> [apiv2][query] GET https://firebase-public.firebaseio.com/cli.json [none]
[info] 
     ######## #### ########  ######## ########     ###     ######  ########
     ##        ##  ##     ## ##       ##     ##  ##   ##  ##       ##
     ######    ##  ########  ######   ########  #########  ######  ######
     ##        ##  ##    ##  ##       ##     ## ##     ##       ## ##
     ##       #### ##     ## ######## ########  ##     ##  ######  ########

You're about to initialize a Firebase project in this directory:

  C:\DISHA\FMS

Before we get started, keep in mind:

  * You are currently outside your home directory

[debug] [2026-07-23T18:19:56.628Z] <<< [apiv2][status] GET https://firebase-public.firebaseio.com/cli.json 200
[debug] [2026-07-23T18:19:56.628Z] <<< [apiv2][body] GET https://firebase-public.firebaseio.com/cli.json {"cloudBuildErrorAfter":1594252800000,"cloudBuildWarnAfter":1590019200000,"defaultNode10After":1594252800000,"minVersion":"3.0.5","node8DeploysDisabledAfter":1613390400000,"node8RuntimeDisabledAfter":1615809600000,"node8WarnAfter":1600128000000}
